(0, 0)
(0, 2)
row 0
(1, 0)
(1, 2)
row 1
(2, 0)
(2, 2)
row 2